---
source: src/range_mapped.rs
expression: list.output_dot()
---
digraph {
  node [shape=plaintext];
  rankdir="TB";
  ranksep="0.02";
  splines=polyline;

n5 [group="h0",label=<
<TABLE BORDER="0" CELLBORDER="1" CELLSPACING="0">
    <TR>
      <TD>4294967071</TD>
    </TR>
    <TR>
      <TD>4294967295</TD>
    </TR>
  </TABLE>
>]

n4 [group="h1",label=<
<TABLE BORDER="0" CELLBORDER="1" CELLSPACING="0">
    <TR><TD>
    </TD></TR>
    <TR><TD>
      <TABLE BORDER="0" CELLBORDER="1" CELLSPACING="0">
        <TR>
          <TD PORT="p0">-∞</TD>
          <TD>∞</TD>
        </TR>
      </TABLE>
    </TD></TR>
  </TABLE>
>]

n3 [group="h2",label=<
<TABLE BORDER="0" CELLBORDER="1" CELLSPACING="0">
    <TR><TD>
    </TD></TR>
    <TR><TD>
      <TABLE BORDER="0" CELLBORDER="1" CELLSPACING="0">
        <TR>
          <TD PORT="p0">-∞</TD>
          <TD>∞</TD>
        </TR>
      </TABLE>
    </TD></TR>
  </TABLE>
>]

n2 [group="h3",label=<
<TABLE BORDER="0" CELLBORDER="1" CELLSPACING="0">
    <TR><TD>
    </TD></TR>
    <TR><TD>
      <TABLE BORDER="0" CELLBORDER="1" CELLSPACING="0">
        <TR>
          <TD PORT="p0">-∞</TD>
          <TD>∞</TD>
        </TR>
      </TABLE>
    </TD></TR>
  </TABLE>
>]

n1 [group="h4",label=<
<TABLE BORDER="0" CELLBORDER="1" CELLSPACING="0">
    <TR><TD>
      Insert(0, 1509949440, 5) Insert(741223468, 741092396, 4)    </TD></TR>
    <TR><TD>
      <TABLE BORDER="0" CELLBORDER="1" CELLSPACING="0">
        <TR>
          <TD PORT="p0">-∞</TD>
          <TD>∞</TD>
        </TR>
      </TABLE>
    </TD></TR>
  </TABLE>
>]

n0 [group="h5",label=<
<TABLE BORDER="0" CELLBORDER="1" CELLSPACING="0">
    <TR><TD>
    </TD></TR>
    <TR><TD>
      <TABLE BORDER="0" CELLBORDER="1" CELLSPACING="0">
        <TR>
          <TD PORT="p0">-∞</TD>
          <TD PORT="p1">0</TD>
          <TD>∞</TD>
        </TR>
      </TABLE>
    </TD></TR>
  </TABLE>
>]

  n4:p0:s -> n5:n [weight=0.01]
  n3:p0:s -> n4:n [weight=0.01]
  n2:p0:s -> n3:n [weight=0.01]
  n1:p0:s -> n2:n [weight=0.01]
  n0:p0:s -> n1:n [weight=0.01]
  n0:p1:s -> n1:n [weight=0.01]
}

